#	TEST/check-markit/SA-shellcheck-001.expected  3.281.750  2020-08-28T09:37:37.899254-05:00 (CDT)  https://github.com/BradleyA/markit.git  master  uadmin  five-rpi3b.cptx86.com 3.280-79-gdc07154  
#	   TEST/check-markit/SA-shellcheck-001.expected TEST/find-code.sh/SA-shellcheck-001.expected TEST/markit/SA-shellcheck-001.expected markit -->   updated display_help  
