
In SA-shellcheck-001 line 227:
  REPOSITORY_COMMAND=$(echo "curl \-L ${REPOSITORY_COMMAND}/get/master.zip -o ${TMP_MARKIT_DIR}/master.zip ; unzip -qq ${TMP_MARKIT_DIR}/master.zip -d ${TMP_MARKIT_DIR}/")
                     ^-- SC2116: Useless echo? Instead of 'cmd $(echo foo)', just use 'cmd foo'.

