
In SA-shellcheck-001 line 22:
COMMAND_NAME=$(echo "${0}" | sed 's/^.*\///')                                               # 3.541
               ^-- SC2001: See if you can use ${variable//search/replace} instead.


In SA-shellcheck-001 line 206:
if ! $( __gitdir > /dev/null 2>&1 ) ; then
     ^-- SC2091: Remove surrounding $() to avoid executing output.


In SA-shellcheck-001 line 230:
  CURRENT_RELEASE=$(git describe --tags $(git rev-list --tags --max-count=1))
                                        ^-- SC2046: Quote this to prevent word splitting.


In SA-shellcheck-001 line 244:
cd $(git rev-parse --show-toplevel)
   ^-- SC2046: Quote this to prevent word splitting.


In SA-shellcheck-001 line 263:
if ! $(touch "${TEMP_FILE}" > /dev/null 2>&1 ) ; then
     ^-- SC2091: Remove surrounding $() to avoid executing output.


In SA-shellcheck-001 line 384:
  tail -n $(wc -l "${FILE_NAME}" | awk '{print $1  - 1}') "${FILE_NAME}" >> "${TEMP_FILE}"
          ^-- SC2046: Quote this to prevent word splitting.

