
In SA-shellcheck-001 line 201:
if ! $( __gitdir > /dev/null 2>&1 ) ; then
     ^-- SC2091: Remove surrounding $() to avoid executing output.


In SA-shellcheck-001 line 225:
  CURRENT_RELEASE=$(git describe --tags $(git rev-list --tags --max-count=1))
                                        ^-- SC2046: Quote this to prevent word splitting.


In SA-shellcheck-001 line 239:
cd $(git rev-parse --show-toplevel)
   ^-- SC2046: Quote this to prevent word splitting.


In SA-shellcheck-001 line 258:
if ! $(touch "${TEMP_FILE}" > /dev/null 2>&1 ) ; then
     ^-- SC2091: Remove surrounding $() to avoid executing output.


In SA-shellcheck-001 line 378:
  tail -n $(wc -l "${FILE_NAME}" | awk '{print $1  - 1}') "${FILE_NAME}" >> "${TEMP_FILE}"
          ^-- SC2046: Quote this to prevent word splitting.

